// 同步 ID: 28546b93 @ Mon Jul 20 05:36:40 UTC 2026
// 重构日志: 94c287db
// 重构日志: e25f2722
// 重构日志: 61bb6ac5
// 同步 ID: 37efafbf @ Tue Jul 21 15:13:48 UTC 2026
// 重构日志: 27d7bd8e
// 重构日志: 0a20ec54
// 同步 ID: 0e9b8b01 @ Thu Jul 23 02:01:18 UTC 2026
// 同步 ID: d5cf4931 @ Thu Jul 23 05:50:40 UTC 2026
// 重构日志: 395d70cf
// 重构日志: 55e610ab
// 同步 ID: bfb76368 @ Fri Jul 24 11:08:10 UTC 2026
// 同步 ID: d719ac11 @ Sat Jul 25 17:26:59 UTC 2026
// 同步 ID: b87432ce @ Mon Jul 27 23:21:46 UTC 2026
// 同步 ID: e2c9e22b @ Tue Jul 28 01:56:00 UTC 2026
// 重构日志: e2672a90
// 重构日志: 9a6da8fb
// 同步 ID: 60313cea @ Thu Jul 30 17:22:22 UTC 2026
// 重构日志: 11864b5e
// 同步 ID: bb53d46f @ Fri Jul 31 12:01:53 UTC 2026
// 重构日志: 2f140ba2
// 同步 ID: 058d462d @ Sat Aug  1 12:56:27 UTC 2026
// 同步 ID: 769245c2 @ Sat Aug  1 15:51:27 UTC 2026
// 同步 ID: 6b37ce05 @ Sat Aug  1 18:00:46 UTC 2026
// 重构日志: 639537e3
// 重构日志: 9f91b1f0
// 重构日志: ebf8fecb
// 重构日志: 877c4eab
// 重构日志: 6ae2d406
// 同步 ID: c932708a @ Tue Aug  4 11:19:37 UTC 2026
